[2024-04-28T14:57:31.837+0000][65][info][gc,init] CardTable entry size: 512
[2024-04-28T14:57:31.837+0000][65][info][gc     ] Using G1
[2024-04-28T14:57:32.100+0000][65][info][gc,init] Version: 20.0.1+9-29 (release)
[2024-04-28T14:57:32.101+0000][65][info][gc,init] CPUs: 8 total, 8 available
[2024-04-28T14:57:32.101+0000][65][info][gc,init] Memory: 7841M
[2024-04-28T14:57:32.101+0000][65][info][gc,init] Large Page Support: Disabled
[2024-04-28T14:57:32.101+0000][65][info][gc,init] NUMA Support: Disabled
[2024-04-28T14:57:32.101+0000][65][info][gc,init] Compressed Oops: Enabled (32-bit)
[2024-04-28T14:57:32.101+0000][65][info][gc,init] Heap Region Size: 4M
[2024-04-28T14:57:32.101+0000][65][info][gc,init] Heap Min Capacity: 512M
[2024-04-28T14:57:32.101+0000][65][info][gc,init] Heap Initial Capacity: 512M
[2024-04-28T14:57:32.101+0000][65][info][gc,init] Heap Max Capacity: 512M
[2024-04-28T14:57:32.101+0000][65][info][gc,init] Pre-touch: Enabled
[2024-04-28T14:57:32.101+0000][65][info][gc,init] Parallel Workers: 8
[2024-04-28T14:57:32.101+0000][65][info][gc,init] Concurrent Workers: 2
[2024-04-28T14:57:32.102+0000][65][info][gc,init] Concurrent Refinement Workers: 8
[2024-04-28T14:57:32.102+0000][65][info][gc,init] Periodic GC: Disabled
[2024-04-28T14:57:32.102+0000][65][info][gc,metaspace] CDS archive(s) mapped at: [0x0000000800000000-0x0000000800c80000-0x0000000800c80000), size 13107200, SharedBaseAddress: 0x0000000800000000, ArchiveRelocationMode: 0.
[2024-04-28T14:57:32.102+0000][65][info][gc,metaspace] Compressed class space mapped at: 0x0000000801000000-0x0000000841000000, reserved size: 1073741824
[2024-04-28T14:57:32.102+0000][65][info][gc,metaspace] Narrow klass base: 0x0000000800000000, Narrow klass shift: 0, Narrow klass range: 0x100000000
[2024-04-28T14:57:32.170+0000][65][info][safepoint   ] Safepoint "ICBufferFull", Time since last: 55001708 ns, Reaching safepoint: 2834 ns, Cleanup: 121125 ns, At safepoint: 7750 ns, Total: 131709 ns
[2024-04-28T14:57:32.244+0000][65][info][gc,start    ] GC(0) Pause Young (Normal) (G1 Evacuation Pause)
[2024-04-28T14:57:32.244+0000][65][info][gc,task     ] GC(0) Using 8 workers of 8 for evacuation
[2024-04-28T14:57:32.244+0000][65][debug][gc,age      ] GC(0) Desired survivor size 2097152 bytes, new threshold 15 (max threshold 15)
[2024-04-28T14:57:32.245+0000][65][info ][gc,phases   ] GC(0)   Pre Evacuate Collection Set: 0.1ms
[2024-04-28T14:57:32.246+0000][65][info ][gc,phases   ] GC(0)   Merge Heap Roots: 0.0ms
[2024-04-28T14:57:32.246+0000][65][info ][gc,phases   ] GC(0)   Evacuate Collection Set: 1.1ms
[2024-04-28T14:57:32.246+0000][65][info ][gc,phases   ] GC(0)   Post Evacuate Collection Set: 0.2ms
[2024-04-28T14:57:32.246+0000][65][info ][gc,phases   ] GC(0)   Other: 0.2ms
[2024-04-28T14:57:32.246+0000][65][trace][gc,age      ] GC(0) Age table with threshold 15 (max threshold 15)
[2024-04-28T14:57:32.246+0000][65][trace][gc,age      ] GC(0) - age   1:    3069392 bytes,    3069392 total
[2024-04-28T14:57:32.246+0000][65][info ][gc,heap     ] GC(0) Eden regions: 6->0(20)
[2024-04-28T14:57:32.246+0000][65][info ][gc,heap     ] GC(0) Survivor regions: 0->1(1)
[2024-04-28T14:57:32.246+0000][65][info ][gc,heap     ] GC(0) Old regions: 0->0
[2024-04-28T14:57:32.246+0000][65][info ][gc,heap     ] GC(0) Archive regions: 2->2
[2024-04-28T14:57:32.246+0000][65][info ][gc,heap     ] GC(0) Humongous regions: 0->0
[2024-04-28T14:57:32.246+0000][65][info ][gc,metaspace] GC(0) Metaspace: 1297K(1472K)->1297K(1472K) NonClass: 1195K(1280K)->1195K(1280K) Class: 102K(192K)->102K(192K)
[2024-04-28T14:57:32.246+0000][65][info ][gc          ] GC(0) Pause Young (Normal) (G1 Evacuation Pause) 28M->7M(512M) 2.850ms
[2024-04-28T14:57:32.247+0000][65][info ][gc,cpu      ] GC(0) User=0.01s Sys=0.00s Real=0.00s
[2024-04-28T14:57:32.247+0000][65][info ][safepoint   ] Safepoint "G1CollectForAllocation", Time since last: 73991250 ns, Reaching safepoint: 2416 ns, Cleanup: 99542 ns, At safepoint: 3028375 ns, Total: 3130333 ns
[2024-04-28T14:57:32.338+0000][65][info ][safepoint   ] Safepoint "ICBufferFull", Time since last: 91320292 ns, Reaching safepoint: 2333 ns, Cleanup: 97708 ns, At safepoint: 1917 ns, Total: 101958 ns
[2024-04-28T14:57:32.417+0000][65][info ][safepoint   ] Safepoint "ICBufferFull", Time since last: 78960083 ns, Reaching safepoint: 7125 ns, Cleanup: 102792 ns, At safepoint: 1708 ns, Total: 111625 ns
[2024-04-28T14:57:32.494+0000][65][info ][safepoint   ] Safepoint "ICBufferFull", Time since last: 76532459 ns, Reaching safepoint: 2417 ns, Cleanup: 114041 ns, At safepoint: 1667 ns, Total: 118125 ns
[2024-04-28T14:57:32.708+0000][65][info ][safepoint   ] Safepoint "ICBufferFull", Time since last: 213730792 ns, Reaching safepoint: 2666 ns, Cleanup: 124375 ns, At safepoint: 1917 ns, Total: 128958 ns
[2024-04-28T14:57:32.760+0000][65][info ][safepoint   ] Safepoint "ICBufferFull", Time since last: 52478833 ns, Reaching safepoint: 2542 ns, Cleanup: 90333 ns, At safepoint: 9042 ns, Total: 101917 ns
[2024-04-28T14:57:32.889+0000][65][info ][safepoint   ] Safepoint "ICBufferFull", Time since last: 127561292 ns, Reaching safepoint: 1054416 ns, Cleanup: 139250 ns, At safepoint: 12375 ns, Total: 1206041 ns
[2024-04-28T14:57:33.043+0000][65][info ][safepoint   ] Safepoint "ICBufferFull", Time since last: 153002417 ns, Reaching safepoint: 890167 ns, Cleanup: 186291 ns, At safepoint: 8709 ns, Total: 1085167 ns
[2024-04-28T14:57:33.097+0000][65][info ][gc,start    ] GC(1) Pause Young (Normal) (G1 Evacuation Pause)
[2024-04-28T14:57:33.098+0000][65][info ][gc,task     ] GC(1) Using 8 workers of 8 for evacuation
[2024-04-28T14:57:33.098+0000][65][debug][gc,age      ] GC(1) Desired survivor size 6291456 bytes, new threshold 15 (max threshold 15)
[2024-04-28T14:57:33.104+0000][65][info ][gc,phases   ] GC(1)   Pre Evacuate Collection Set: 0.1ms
[2024-04-28T14:57:33.104+0000][65][info ][gc,phases   ] GC(1)   Merge Heap Roots: 0.1ms
[2024-04-28T14:57:33.104+0000][65][info ][gc,phases   ] GC(1)   Evacuate Collection Set: 4.6ms
[2024-04-28T14:57:33.105+0000][65][info ][gc,phases   ] GC(1)   Post Evacuate Collection Set: 0.9ms
[2024-04-28T14:57:33.105+0000][65][info ][gc,phases   ] GC(1)   Other: 0.3ms
[2024-04-28T14:57:33.105+0000][65][trace][gc,age      ] GC(1) Age table with threshold 15 (max threshold 15)
[2024-04-28T14:57:33.105+0000][65][trace][gc,age      ] GC(1) - age   1:    5512728 bytes,    5512728 total
[2024-04-28T14:57:33.105+0000][65][trace][gc,age      ] GC(1) - age   2:    3041320 bytes,    8554048 total
[2024-04-28T14:57:33.105+0000][65][info ][gc,heap     ] GC(1) Eden regions: 20->0(38)
[2024-04-28T14:57:33.105+0000][65][info ][gc,heap     ] GC(1) Survivor regions: 1->3(3)
[2024-04-28T14:57:33.105+0000][65][info ][gc,heap     ] GC(1) Old regions: 0->0
[2024-04-28T14:57:33.105+0000][65][info ][gc,heap     ] GC(1) Archive regions: 2->2
[2024-04-28T14:57:33.105+0000][65][info ][gc,heap     ] GC(1) Humongous regions: 0->0
[2024-04-28T14:57:33.105+0000][65][info ][gc,metaspace] GC(1) Metaspace: 15468K(16000K)->15468K(16000K) NonClass: 13683K(13952K)->13683K(13952K) Class: 1785K(2048K)->1785K(2048K)
[2024-04-28T14:57:33.106+0000][65][info ][gc          ] GC(1) Pause Young (Normal) (G1 Evacuation Pause) 87M->12M(512M) 8.536ms
[2024-04-28T14:57:33.106+0000][65][info ][gc,cpu      ] GC(1) User=0.03s Sys=0.00s Real=0.01s
[2024-04-28T14:57:33.106+0000][65][info ][safepoint   ] Safepoint "G1CollectForAllocation", Time since last: 52860375 ns, Reaching safepoint: 949791 ns, Cleanup: 137834 ns, At safepoint: 8728000 ns, Total: 9815625 ns
[2024-04-28T14:57:33.199+0000][65][info ][safepoint   ] Safepoint "ICBufferFull", Time since last: 93574250 ns, Reaching safepoint: 5375 ns, Cleanup: 132125 ns, At safepoint: 7333 ns, Total: 144833 ns
[2024-04-28T14:57:33.273+0000][65][info ][safepoint   ] Safepoint "ICBufferFull", Time since last: 73134584 ns, Reaching safepoint: 2375 ns, Cleanup: 112125 ns, At safepoint: 2208 ns, Total: 116708 ns
[2024-04-28T14:57:33.359+0000][65][info ][safepoint   ] Safepoint "ICBufferFull", Time since last: 86217083 ns, Reaching safepoint: 2875 ns, Cleanup: 224000 ns, At safepoint: 11709 ns, Total: 238584 ns
[2024-04-28T14:57:33.455+0000][65][info ][gc,start    ] GC(2) Pause Young (Normal) (G1 Evacuation Pause)
[2024-04-28T14:57:33.455+0000][65][info ][gc,task     ] GC(2) Using 8 workers of 8 for evacuation
[2024-04-28T14:57:33.455+0000][65][debug][gc,age      ] GC(2) Desired survivor size 12582912 bytes, new threshold 15 (max threshold 15)
[2024-04-28T14:57:33.462+0000][65][info ][gc,phases   ] GC(2)   Pre Evacuate Collection Set: 0.0ms
[2024-04-28T14:57:33.462+0000][65][info ][gc,phases   ] GC(2)   Merge Heap Roots: 0.0ms
[2024-04-28T14:57:33.462+0000][65][info ][gc,phases   ] GC(2)   Evacuate Collection Set: 5.5ms
[2024-04-28T14:57:33.462+0000][65][info ][gc,phases   ] GC(2)   Post Evacuate Collection Set: 0.7ms
[2024-04-28T14:57:33.462+0000][65][info ][gc,phases   ] GC(2)   Other: 0.3ms
[2024-04-28T14:57:33.462+0000][65][trace][gc,age      ] GC(2) Age table with threshold 15 (max threshold 15)
[2024-04-28T14:57:33.462+0000][65][trace][gc,age      ] GC(2) - age   1:    5107576 bytes,    5107576 total
[2024-04-28T14:57:33.463+0000][65][trace][gc,age      ] GC(2) - age   2:    4579000 bytes,    9686576 total
[2024-04-28T14:57:33.463+0000][65][trace][gc,age      ] GC(2) - age   3:    3040664 bytes,   12727240 total
[2024-04-28T14:57:33.463+0000][65][info ][gc,heap     ] GC(2) Eden regions: 38->0(72)
[2024-04-28T14:57:33.463+0000][65][info ][gc,heap     ] GC(2) Survivor regions: 3->4(6)
[2024-04-28T14:57:33.463+0000][65][info ][gc,heap     ] GC(2) Old regions: 0->0
[2024-04-28T14:57:33.463+0000][65][info ][gc,heap     ] GC(2) Archive regions: 2->2
[2024-04-28T14:57:33.463+0000][65][info ][gc,heap     ] GC(2) Humongous regions: 0->0
[2024-04-28T14:57:33.463+0000][65][info ][gc,metaspace] GC(2) Metaspace: 17887K(18368K)->17887K(18368K) NonClass: 15847K(16128K)->15847K(16128K) Class: 2040K(2240K)->2040K(2240K)
[2024-04-28T14:57:33.463+0000][65][info ][gc          ] GC(2) Pause Young (Normal) (G1 Evacuation Pause) 164M->16M(512M) 8.596ms
[2024-04-28T14:57:33.463+0000][65][info ][gc,cpu      ] GC(2) User=0.04s Sys=0.00s Real=0.01s
[2024-04-28T14:57:33.464+0000][65][info ][safepoint   ] Safepoint "G1CollectForAllocation", Time since last: 95420166 ns, Reaching safepoint: 5209 ns, Cleanup: 111875 ns, At safepoint: 8842375 ns, Total: 8959459 ns
[2024-04-28T14:57:33.526+0000][65][info ][gc,start    ] GC(3) Pause Young (Concurrent Start) (Metadata GC Threshold)
[2024-04-28T14:57:33.526+0000][65][info ][gc,task     ] GC(3) Using 8 workers of 8 for evacuation
[2024-04-28T14:57:33.526+0000][65][debug][gc,age      ] GC(3) Desired survivor size 20971520 bytes, new threshold 15 (max threshold 15)
[2024-04-28T14:57:33.530+0000][65][info ][gc,phases   ] GC(3)   Pre Evacuate Collection Set: 0.1ms
[2024-04-28T14:57:33.530+0000][65][info ][gc,phases   ] GC(3)   Merge Heap Roots: 0.1ms
[2024-04-28T14:57:33.530+0000][65][info ][gc,phases   ] GC(3)   Evacuate Collection Set: 2.4ms
[2024-04-28T14:57:33.530+0000][65][info ][gc,phases   ] GC(3)   Post Evacuate Collection Set: 0.6ms
[2024-04-28T14:57:33.530+0000][65][info ][gc,phases   ] GC(3)   Other: 0.3ms
[2024-04-28T14:57:33.530+0000][65][trace][gc,age      ] GC(3) Age table with threshold 15 (max threshold 15)
[2024-04-28T14:57:33.530+0000][65][trace][gc,age      ] GC(3) - age   1:     994720 bytes,     994720 total
[2024-04-28T14:57:33.530+0000][65][trace][gc,age      ] GC(3) - age   2:    2382320 bytes,    3377040 total
[2024-04-28T14:57:33.531+0000][65][trace][gc,age      ] GC(3) - age   3:    4577848 bytes,    7954888 total
[2024-04-28T14:57:33.531+0000][65][trace][gc,age      ] GC(3) - age   4:    3040664 bytes,   10995552 total
[2024-04-28T14:57:33.531+0000][65][info ][gc,heap     ] GC(3) Eden regions: 4->0(73)
[2024-04-28T14:57:33.531+0000][65][info ][gc,heap     ] GC(3) Survivor regions: 4->3(10)
[2024-04-28T14:57:33.533+0000][65][info ][gc,heap     ] GC(3) Old regions: 0->0
[2024-04-28T14:57:33.533+0000][65][info ][gc,heap     ] GC(3) Archive regions: 2->2
[2024-04-28T14:57:33.533+0000][65][info ][gc,heap     ] GC(3) Humongous regions: 0->0
[2024-04-28T14:57:33.533+0000][65][info ][gc,metaspace] GC(3) Metaspace: 21061K(21504K)->21061K(21504K) NonClass: 18698K(18944K)->18698K(18944K) Class: 2362K(2560K)->2362K(2560K)
[2024-04-28T14:57:33.534+0000][65][info ][gc          ] GC(3) Pause Young (Concurrent Start) (Metadata GC Threshold) 32M->15M(512M) 7.523ms
[2024-04-28T14:57:33.534+0000][65][info ][gc,cpu      ] GC(3) User=0.01s Sys=0.01s Real=0.01s
[2024-04-28T14:57:33.534+0000][65][info ][gc          ] GC(4) Concurrent Mark Cycle
[2024-04-28T14:57:33.534+0000][65][info ][gc,marking  ] GC(4) Concurrent Scan Root Regions
[2024-04-28T14:57:33.534+0000][65][info ][safepoint   ] Safepoint "CollectForMetadataAllocation", Time since last: 62308125 ns, Reaching safepoint: 2500 ns, Cleanup: 100500 ns, At safepoint: 7845791 ns, Total: 7948791 ns
[2024-04-28T14:57:33.537+0000][65][info ][gc,marking  ] GC(4) Concurrent Scan Root Regions 3.095ms
[2024-04-28T14:57:33.537+0000][65][info ][gc,marking  ] GC(4) Concurrent Mark
[2024-04-28T14:57:33.537+0000][65][info ][gc,marking  ] GC(4) Concurrent Mark From Roots
[2024-04-28T14:57:33.537+0000][65][info ][gc,task     ] GC(4) Using 2 workers of 2 for marking
[2024-04-28T14:57:33.538+0000][65][info ][gc,marking  ] GC(4) Concurrent Mark From Roots 1.030ms
[2024-04-28T14:57:33.538+0000][65][info ][gc,marking  ] GC(4) Concurrent Preclean
[2024-04-28T14:57:33.539+0000][65][info ][gc,marking  ] GC(4) Concurrent Preclean 0.159ms
[2024-04-28T14:57:33.540+0000][65][info ][gc,start    ] GC(4) Pause Remark
[2024-04-28T14:57:33.542+0000][65][info ][gc          ] GC(4) Pause Remark 18M->18M(512M) 2.176ms
[2024-04-28T14:57:33.542+0000][65][info ][gc,cpu      ] GC(4) User=0.01s Sys=0.00s Real=0.00s
[2024-04-28T14:57:33.542+0000][65][info ][safepoint   ] Safepoint "G1PauseRemark", Time since last: 4943417 ns, Reaching safepoint: 1144208 ns, Cleanup: 46250 ns, At safepoint: 2437292 ns, Total: 3627750 ns
[2024-04-28T14:57:33.542+0000][65][info ][gc,marking  ] GC(4) Concurrent Mark 5.302ms
[2024-04-28T14:57:33.543+0000][65][info ][gc,marking  ] GC(4) Concurrent Rebuild Remembered Sets and Scrub Regions
[2024-04-28T14:57:33.543+0000][65][info ][gc,marking  ] GC(4) Concurrent Rebuild Remembered Sets and Scrub Regions 0.179ms
[2024-04-28T14:57:33.543+0000][65][info ][gc,start    ] GC(4) Pause Cleanup
[2024-04-28T14:57:33.543+0000][65][info ][gc          ] GC(4) Pause Cleanup 18M->18M(512M) 0.106ms
[2024-04-28T14:57:33.543+0000][65][info ][gc,cpu      ] GC(4) User=0.00s Sys=0.00s Real=0.00s
[2024-04-28T14:57:33.543+0000][65][info ][safepoint   ] Safepoint "G1PauseCleanup", Time since last: 537917 ns, Reaching safepoint: 1458 ns, Cleanup: 24292 ns, At safepoint: 324583 ns, Total: 350333 ns
[2024-04-28T14:57:33.543+0000][65][info ][gc,marking  ] GC(4) Concurrent Clear Claimed Marks
[2024-04-28T14:57:33.543+0000][65][info ][gc,marking  ] GC(4) Concurrent Clear Claimed Marks 0.095ms
[2024-04-28T14:57:33.544+0000][65][info ][gc,marking  ] GC(4) Concurrent Cleanup for Next Mark
[2024-04-28T14:57:33.544+0000][65][info ][gc,marking  ] GC(4) Concurrent Cleanup for Next Mark 0.302ms
[2024-04-28T14:57:33.544+0000][65][info ][gc          ] GC(4) Concurrent Mark Cycle 10.426ms
[2024-04-28T14:57:33.650+0000][65][info ][safepoint   ] Safepoint "ICBufferFull", Time since last: 106876917 ns, Reaching safepoint: 2583 ns, Cleanup: 133875 ns, At safepoint: 7708 ns, Total: 144166 ns
[2024-04-28T14:57:33.793+0000][65][info ][safepoint   ] Safepoint "ICBufferFull", Time since last: 143028459 ns, Reaching safepoint: 2916 ns, Cleanup: 163375 ns, At safepoint: 2375 ns, Total: 168666 ns
[2024-04-28T14:57:33.963+0000][65][info ][safepoint   ] Safepoint "ICBufferFull", Time since last: 169859042 ns, Reaching safepoint: 3125 ns, Cleanup: 133250 ns, At safepoint: 10584 ns, Total: 146959 ns
[2024-04-28T14:57:34.047+0000][65][info ][gc,start    ] GC(5) Pause Young (Normal) (G1 Evacuation Pause)
[2024-04-28T14:57:34.047+0000][65][info ][gc,task     ] GC(5) Using 8 workers of 8 for evacuation
[2024-04-28T14:57:34.047+0000][65][debug][gc,age      ] GC(5) Desired survivor size 20971520 bytes, new threshold 15 (max threshold 15)
[2024-04-28T14:57:34.058+0000][65][info ][gc,phases   ] GC(5)   Pre Evacuate Collection Set: 0.2ms
[2024-04-28T14:57:34.058+0000][65][info ][gc,phases   ] GC(5)   Merge Heap Roots: 0.1ms
[2024-04-28T14:57:34.058+0000][65][info ][gc,phases   ] GC(5)   Evacuate Collection Set: 8.0ms
[2024-04-28T14:57:34.058+0000][65][info ][gc,phases   ] GC(5)   Post Evacuate Collection Set: 1.6ms
[2024-04-28T14:57:34.059+0000][65][info ][gc,phases   ] GC(5)   Other: 0.7ms
[2024-04-28T14:57:34.059+0000][65][trace][gc,age      ] GC(5) Age table with threshold 15 (max threshold 15)
[2024-04-28T14:57:34.059+0000][65][trace][gc,age      ] GC(5) - age   1:    7967600 bytes,    7967600 total
[2024-04-28T14:57:34.060+0000][65][trace][gc,age      ] GC(5) - age   2:     974264 bytes,    8941864 total
[2024-04-28T14:57:34.060+0000][65][trace][gc,age      ] GC(5) - age   3:    2378184 bytes,   11320048 total
[2024-04-28T14:57:34.061+0000][65][trace][gc,age      ] GC(5) - age   4:    4573816 bytes,   15893864 total
[2024-04-28T14:57:34.061+0000][65][trace][gc,age      ] GC(5) - age   5:    3040328 bytes,   18934192 total
[2024-04-28T14:57:34.061+0000][65][info ][gc,heap     ] GC(5) Eden regions: 73->0(71)
[2024-04-28T14:57:34.061+0000][65][info ][gc,heap     ] GC(5) Survivor regions: 3->5(10)
[2024-04-28T14:57:34.061+0000][65][info ][gc,heap     ] GC(5) Old regions: 0->0
[2024-04-28T14:57:34.061+0000][65][info ][gc,heap     ] GC(5) Archive regions: 2->2
[2024-04-28T14:57:34.061+0000][65][info ][gc,heap     ] GC(5) Humongous regions: 0->0
[2024-04-28T14:57:34.062+0000][65][info ][gc,metaspace] GC(5) Metaspace: 25610K(26240K)->25610K(26240K) NonClass: 22628K(22976K)->22628K(22976K) Class: 2981K(3264K)->2981K(3264K)
[2024-04-28T14:57:34.062+0000][65][info ][gc          ] GC(5) Pause Young (Normal) (G1 Evacuation Pause) 307M->22M(512M) 15.133ms
[2024-04-28T14:57:34.062+0000][65][info ][gc,cpu      ] GC(5) User=0.05s Sys=0.01s Real=0.02s
[2024-04-28T14:57:34.062+0000][65][info ][safepoint   ] Safepoint "G1CollectForAllocation", Time since last: 82974875 ns, Reaching safepoint: 2791 ns, Cleanup: 105000 ns, At safepoint: 15421709 ns, Total: 15529500 ns
[2024-04-28T14:57:34.375+0000][65][info ][safepoint   ] Safepoint "ICBufferFull", Time since last: 312670791 ns, Reaching safepoint: 6459 ns, Cleanup: 264416 ns, At safepoint: 8917 ns, Total: 279792 ns
[2024-04-28T14:57:34.535+0000][65][info ][safepoint   ] Safepoint "ICBufferFull", Time since last: 159913875 ns, Reaching safepoint: 3083 ns, Cleanup: 193917 ns, At safepoint: 34625 ns, Total: 231625 ns
[2024-04-28T14:57:34.687+0000][65][info ][gc,start    ] GC(6) Pause Young (Normal) (G1 Evacuation Pause)
[2024-04-28T14:57:34.688+0000][65][info ][gc,task     ] GC(6) Using 8 workers of 8 for evacuation
[2024-04-28T14:57:34.688+0000][65][debug][gc,age      ] GC(6) Desired survivor size 20971520 bytes, new threshold 15 (max threshold 15)
[2024-04-28T14:57:34.697+0000][65][info ][gc,phases   ] GC(6)   Pre Evacuate Collection Set: 0.2ms
[2024-04-28T14:57:34.697+0000][65][info ][gc,phases   ] GC(6)   Merge Heap Roots: 0.1ms
[2024-04-28T14:57:34.697+0000][65][info ][gc,phases   ] GC(6)   Evacuate Collection Set: 7.0ms
[2024-04-28T14:57:34.697+0000][65][info ][gc,phases   ] GC(6)   Post Evacuate Collection Set: 0.9ms
[2024-04-28T14:57:34.697+0000][65][info ][gc,phases   ] GC(6)   Other: 0.7ms
[2024-04-28T14:57:34.697+0000][65][trace][gc,age      ] GC(6) Age table with threshold 15 (max threshold 15)
[2024-04-28T14:57:34.697+0000][65][trace][gc,age      ] GC(6) - age   1:    4550328 bytes,    4550328 total
[2024-04-28T14:57:34.697+0000][65][trace][gc,age      ] GC(6) - age   2:    7210624 bytes,   11760952 total
[2024-04-28T14:57:34.697+0000][65][trace][gc,age      ] GC(6) - age   3:     974088 bytes,   12735040 total
[2024-04-28T14:57:34.698+0000][65][trace][gc,age      ] GC(6) - age   4:    2374560 bytes,   15109600 total
[2024-04-28T14:57:34.698+0000][65][trace][gc,age      ] GC(6) - age   5:    4573560 bytes,   19683160 total
[2024-04-28T14:57:34.698+0000][65][trace][gc,age      ] GC(6) - age   6:    3040232 bytes,   22723392 total
[2024-04-28T14:57:34.698+0000][65][info ][gc,heap     ] GC(6) Eden regions: 71->0(69)
[2024-04-28T14:57:34.698+0000][65][info ][gc,heap     ] GC(6) Survivor regions: 5->7(10)
[2024-04-28T14:57:34.698+0000][65][info ][gc,heap     ] GC(6) Old regions: 0->0
[2024-04-28T14:57:34.698+0000][65][info ][gc,heap     ] GC(6) Archive regions: 2->2
[2024-04-28T14:57:34.698+0000][65][info ][gc,heap     ] GC(6) Humongous regions: 0->0
[2024-04-28T14:57:34.698+0000][65][info ][gc,metaspace] GC(6) Metaspace: 31576K(32320K)->31576K(32320K) NonClass: 27927K(28352K)->27927K(28352K) Class: 3648K(3968K)->3648K(3968K)
[2024-04-28T14:57:34.699+0000][65][info ][gc          ] GC(6) Pause Young (Normal) (G1 Evacuation Pause) 306M->28M(512M) 11.323ms
[2024-04-28T14:57:34.699+0000][65][info ][gc,cpu      ] GC(6) User=0.03s Sys=0.01s Real=0.02s
[2024-04-28T14:57:34.699+0000][65][info ][safepoint   ] Safepoint "G1CollectForAllocation", Time since last: 150171042 ns, Reaching safepoint: 1785667 ns, Cleanup: 268583 ns, At safepoint: 11728917 ns, Total: 13783167 ns
[2024-04-28T14:57:34.972+0000][65][info ][safepoint   ] Safepoint "ICBufferFull", Time since last: 273115750 ns, Reaching safepoint: 3000 ns, Cleanup: 170708 ns, At safepoint: 5125 ns, Total: 178833 ns
[2024-04-28T14:57:35.017+0000][65][info ][gc,start    ] GC(7) Pause Young (Normal) (G1 Evacuation Pause)
[2024-04-28T14:57:35.017+0000][65][info ][gc,task     ] GC(7) Using 8 workers of 8 for evacuation
[2024-04-28T14:57:35.017+0000][65][debug][gc,age      ] GC(7) Desired survivor size 20971520 bytes, new threshold 6 (max threshold 15)
[2024-04-28T14:57:35.024+0000][65][info ][gc,phases   ] GC(7)   Pre Evacuate Collection Set: 0.1ms
[2024-04-28T14:57:35.025+0000][65][info ][gc,phases   ] GC(7)   Merge Heap Roots: 0.0ms
[2024-04-28T14:57:35.025+0000][65][info ][gc,phases   ] GC(7)   Evacuate Collection Set: 5.6ms
[2024-04-28T14:57:35.025+0000][65][info ][gc,phases   ] GC(7)   Post Evacuate Collection Set: 1.1ms
[2024-04-28T14:57:35.025+0000][65][info ][gc,phases   ] GC(7)   Other: 0.2ms
[2024-04-28T14:57:35.025+0000][65][trace][gc,age      ] GC(7) Age table with threshold 6 (max threshold 15)
[2024-04-28T14:57:35.025+0000][65][trace][gc,age      ] GC(7) - age   1:    4988960 bytes,    4988960 total
[2024-04-28T14:57:35.025+0000][65][trace][gc,age      ] GC(7) - age   2:    4052120 bytes,    9041080 total
[2024-04-28T14:57:35.025+0000][65][trace][gc,age      ] GC(7) - age   3:    7205720 bytes,   16246800 total
[2024-04-28T14:57:35.025+0000][65][trace][gc,age      ] GC(7) - age   4:     974088 bytes,   17220888 total
[2024-04-28T14:57:35.025+0000][65][trace][gc,age      ] GC(7) - age   5:    2373648 bytes,   19594536 total
[2024-04-28T14:57:35.025+0000][65][trace][gc,age      ] GC(7) - age   6:    4567480 bytes,   24162016 total
[2024-04-28T14:57:35.025+0000][65][info ][gc,heap     ] GC(7) Eden regions: 69->0(69)
[2024-04-28T14:57:35.025+0000][65][info ][gc,heap     ] GC(7) Survivor regions: 7->7(10)
[2024-04-28T14:57:35.025+0000][65][info ][gc,heap     ] GC(7) Old regions: 0->1
[2024-04-28T14:57:35.025+0000][65][info ][gc,heap     ] GC(7) Archive regions: 2->2
[2024-04-28T14:57:35.025+0000][65][info ][gc,heap     ] GC(7) Humongous regions: 0->0
[2024-04-28T14:57:35.025+0000][65][info ][gc,metaspace] GC(7) Metaspace: 33175K(33984K)->33175K(33984K) NonClass: 29316K(29824K)->29316K(29824K) Class: 3858K(4160K)->3858K(4160K)
[2024-04-28T14:57:35.025+0000][65][info ][gc          ] GC(7) Pause Young (Normal) (G1 Evacuation Pause) 304M->32M(512M) 8.032ms
[2024-04-28T14:57:35.025+0000][65][info ][gc,cpu      ] GC(7) User=0.04s Sys=0.00s Real=0.01s
[2024-04-28T14:57:35.025+0000][65][info ][safepoint   ] Safepoint "G1CollectForAllocation", Time since last: 44761167 ns, Reaching safepoint: 2708 ns, Cleanup: 62708 ns, At safepoint: 8134084 ns, Total: 8199500 ns
[2024-04-28T14:57:35.215+0000][65][info ][gc,start    ] GC(8) Pause Young (Normal) (G1 Evacuation Pause)
[2024-04-28T14:57:35.215+0000][65][info ][gc,task     ] GC(8) Using 8 workers of 8 for evacuation
[2024-04-28T14:57:35.215+0000][65][debug][gc,age      ] GC(8) Desired survivor size 20971520 bytes, new threshold 6 (max threshold 15)
[2024-04-28T14:57:35.222+0000][65][info ][gc,phases   ] GC(8)   Pre Evacuate Collection Set: 0.1ms
[2024-04-28T14:57:35.222+0000][65][info ][gc,phases   ] GC(8)   Merge Heap Roots: 0.0ms
[2024-04-28T14:57:35.222+0000][65][info ][gc,phases   ] GC(8)   Evacuate Collection Set: 5.3ms
[2024-04-28T14:57:35.222+0000][65][info ][gc,phases   ] GC(8)   Post Evacuate Collection Set: 1.2ms
[2024-04-28T14:57:35.223+0000][65][info ][gc,phases   ] GC(8)   Other: 0.3ms
[2024-04-28T14:57:35.223+0000][65][trace][gc,age      ] GC(8) Age table with threshold 6 (max threshold 15)
[2024-04-28T14:57:35.223+0000][65][trace][gc,age      ] GC(8) - age   1:    3269976 bytes,    3269976 total
[2024-04-28T14:57:35.223+0000][65][trace][gc,age      ] GC(8) - age   2:    4629120 bytes,    7899096 total
[2024-04-28T14:57:35.223+0000][65][trace][gc,age      ] GC(8) - age   3:    4050056 bytes,   11949152 total
[2024-04-28T14:57:35.223+0000][65][trace][gc,age      ] GC(8) - age   4:    7205720 bytes,   19154872 total
[2024-04-28T14:57:35.223+0000][65][trace][gc,age      ] GC(8) - age   5:     974088 bytes,   20128960 total
[2024-04-28T14:57:35.223+0000][65][trace][gc,age      ] GC(8) - age   6:    2373648 bytes,   22502608 total
[2024-04-28T14:57:35.223+0000][65][info ][gc,heap     ] GC(8) Eden regions: 69->0(70)
[2024-04-28T14:57:35.223+0000][65][info ][gc,heap     ] GC(8) Survivor regions: 7->6(10)
[2024-04-28T14:57:35.223+0000][65][info ][gc,heap     ] GC(8) Old regions: 1->2
[2024-04-28T14:57:35.223+0000][65][info ][gc,heap     ] GC(8) Archive regions: 2->2
[2024-04-28T14:57:35.223+0000][65][info ][gc,heap     ] GC(8) Humongous regions: 0->0
[2024-04-28T14:57:35.223+0000][65][info ][gc,metaspace] GC(8) Metaspace: 34020K(34816K)->34020K(34816K) NonClass: 30049K(30528K)->30049K(30528K) Class: 3971K(4288K)->3971K(4288K)
[2024-04-28T14:57:35.223+0000][65][info ][gc          ] GC(8) Pause Young (Normal) (G1 Evacuation Pause) 308M->35M(512M) 8.291ms
[2024-04-28T14:57:35.223+0000][65][info ][gc,cpu      ] GC(8) User=0.03s Sys=0.00s Real=0.01s
[2024-04-28T14:57:35.223+0000][65][info ][safepoint   ] Safepoint "G1CollectForAllocation", Time since last: 189223666 ns, Reaching safepoint: 359667 ns, Cleanup: 155375 ns, At safepoint: 8437958 ns, Total: 8953000 ns
[2024-04-28T14:57:35.298+0000][65][info ][gc,start    ] GC(9) Pause Young (Concurrent Start) (Metadata GC Threshold)
[2024-04-28T14:57:35.298+0000][65][info ][gc,task     ] GC(9) Using 8 workers of 8 for evacuation
[2024-04-28T14:57:35.299+0000][65][debug][gc,age      ] GC(9) Desired survivor size 20971520 bytes, new threshold 6 (max threshold 15)
[2024-04-28T14:57:35.303+0000][65][info ][gc,phases   ] GC(9)   Pre Evacuate Collection Set: 0.1ms
[2024-04-28T14:57:35.304+0000][65][info ][gc,phases   ] GC(9)   Merge Heap Roots: 0.1ms
[2024-04-28T14:57:35.304+0000][65][info ][gc,phases   ] GC(9)   Evacuate Collection Set: 3.8ms
[2024-04-28T14:57:35.304+0000][65][info ][gc,phases   ] GC(9)   Post Evacuate Collection Set: 0.5ms
[2024-04-28T14:57:35.304+0000][65][info ][gc,phases   ] GC(9)   Other: 0.4ms
[2024-04-28T14:57:35.304+0000][65][trace][gc,age      ] GC(9) Age table with threshold 6 (max threshold 15)
[2024-04-28T14:57:35.304+0000][65][trace][gc,age      ] GC(9) - age   1:     702296 bytes,     702296 total
[2024-04-28T14:57:35.304+0000][65][trace][gc,age      ] GC(9) - age   2:    3236864 bytes,    3939160 total
[2024-04-28T14:57:35.304+0000][65][trace][gc,age      ] GC(9) - age   3:    4617848 bytes,    8557008 total
[2024-04-28T14:57:35.304+0000][65][trace][gc,age      ] GC(9) - age   4:    4038408 bytes,   12595416 total
[2024-04-28T14:57:35.304+0000][65][trace][gc,age      ] GC(9) - age   5:    7190576 bytes,   19785992 total
[2024-04-28T14:57:35.304+0000][65][trace][gc,age      ] GC(9) - age   6:     972872 bytes,   20758864 total
[2024-04-28T14:57:35.304+0000][65][info ][gc,heap     ] GC(9) Eden regions: 4->0(70)
[2024-04-28T14:57:35.304+0000][65][info ][gc,heap     ] GC(9) Survivor regions: 6->6(10)
[2024-04-28T14:57:35.305+0000][65][info ][gc,heap     ] GC(9) Old regions: 2->3
[2024-04-28T14:57:35.305+0000][65][info ][gc,heap     ] GC(9) Archive regions: 2->2
[2024-04-28T14:57:35.305+0000][65][info ][gc,heap     ] GC(9) Humongous regions: 0->0
[2024-04-28T14:57:35.305+0000][65][info ][gc,metaspace] GC(9) Metaspace: 35382K(36288K)->35382K(36288K) NonClass: 31227K(31744K)->31227K(31744K) Class: 4155K(4544K)->4155K(4544K)
[2024-04-28T14:57:35.305+0000][65][info ][gc          ] GC(9) Pause Young (Concurrent Start) (Metadata GC Threshold) 47M->35M(512M) 6.770ms
[2024-04-28T14:57:35.305+0000][65][info ][gc,cpu      ] GC(9) User=0.03s Sys=0.00s Real=0.01s
[2024-04-28T14:57:35.305+0000][65][info ][gc          ] GC(10) Concurrent Mark Cycle
[2024-04-28T14:57:35.306+0000][65][info ][gc,marking  ] GC(10) Concurrent Scan Root Regions
[2024-04-28T14:57:35.305+0000][65][info ][safepoint   ] Safepoint "CollectForMetadataAllocation", Time since last: 74281417 ns, Reaching safepoint: 5292 ns, Cleanup: 193500 ns, At safepoint: 7489250 ns, Total: 7688042 ns
[2024-04-28T14:57:35.310+0000][65][info ][gc,marking  ] GC(10) Concurrent Scan Root Regions 3.929ms
[2024-04-28T14:57:35.310+0000][65][info ][gc,marking  ] GC(10) Concurrent Mark
[2024-04-28T14:57:35.310+0000][65][info ][gc,marking  ] GC(10) Concurrent Mark From Roots
[2024-04-28T14:57:35.310+0000][65][info ][gc,task     ] GC(10) Using 2 workers of 2 for marking
[2024-04-28T14:57:35.315+0000][65][info ][gc,marking  ] GC(10) Concurrent Mark From Roots 4.768ms
[2024-04-28T14:57:35.315+0000][65][info ][gc,marking  ] GC(10) Concurrent Preclean
[2024-04-28T14:57:35.315+0000][65][info ][gc,marking  ] GC(10) Concurrent Preclean 0.161ms
[2024-04-28T14:57:35.316+0000][65][info ][gc,start    ] GC(10) Pause Remark
[2024-04-28T14:57:35.322+0000][65][info ][gc          ] GC(10) Pause Remark 39M->39M(512M) 6.433ms
[2024-04-28T14:57:35.322+0000][65][info ][gc,cpu      ] GC(10) User=0.03s Sys=0.00s Real=0.01s
[2024-04-28T14:57:35.323+0000][65][info ][safepoint   ] Safepoint "G1PauseRemark", Time since last: 9888125 ns, Reaching safepoint: 488250 ns, Cleanup: 49917 ns, At safepoint: 6728875 ns, Total: 7267042 ns
[2024-04-28T14:57:35.323+0000][65][info ][gc,marking  ] GC(10) Concurrent Mark 13.525ms
[2024-04-28T14:57:35.324+0000][65][info ][gc,marking  ] GC(10) Concurrent Rebuild Remembered Sets and Scrub Regions
[2024-04-28T14:57:35.328+0000][65][info ][gc,marking  ] GC(10) Concurrent Rebuild Remembered Sets and Scrub Regions 3.796ms
[2024-04-28T14:57:35.331+0000][65][info ][gc,start    ] GC(10) Pause Cleanup
[2024-04-28T14:57:35.331+0000][65][info ][gc          ] GC(10) Pause Cleanup 39M->39M(512M) 0.189ms
[2024-04-28T14:57:35.331+0000][65][info ][gc,cpu      ] GC(10) User=0.00s Sys=0.00s Real=0.00s
[2024-04-28T14:57:35.331+0000][65][info ][safepoint   ] Safepoint "G1PauseCleanup", Time since last: 7962333 ns, Reaching safepoint: 301875 ns, Cleanup: 45000 ns, At safepoint: 334333 ns, Total: 681208 ns
[2024-04-28T14:57:35.331+0000][65][info ][gc,marking  ] GC(10) Concurrent Clear Claimed Marks
[2024-04-28T14:57:35.332+0000][65][info ][gc,marking  ] GC(10) Concurrent Clear Claimed Marks 0.344ms
[2024-04-28T14:57:35.332+0000][65][info ][gc,marking  ] GC(10) Concurrent Cleanup for Next Mark
[2024-04-28T14:57:35.346+0000][65][info ][gc,marking  ] GC(10) Concurrent Cleanup for Next Mark 14.066ms
[2024-04-28T14:57:35.348+0000][65][info ][gc          ] GC(10) Concurrent Mark Cycle 42.438ms
[2024-04-28T14:57:35.558+0000][65][info ][safepoint   ] Safepoint "ICBufferFull", Time since last: 226112500 ns, Reaching safepoint: 556167 ns, Cleanup: 98583 ns, At safepoint: 6209 ns, Total: 660959 ns
[2024-04-28T14:57:35.693+0000][65][info ][safepoint   ] Safepoint "ICBufferFull", Time since last: 134751666 ns, Reaching safepoint: 2875 ns, Cleanup: 330917 ns, At safepoint: 16458 ns, Total: 350250 ns
[2024-04-28T14:57:35.740+0000][65][info ][safepoint   ] Safepoint "ICBufferFull", Time since last: 47199709 ns, Reaching safepoint: 2625 ns, Cleanup: 127833 ns, At safepoint: 7542 ns, Total: 138000 ns
[2024-04-28T14:57:35.931+0000][65][info ][safepoint   ] Safepoint "ICBufferFull", Time since last: 189922958 ns, Reaching safepoint: 448667 ns, Cleanup: 116541 ns, At safepoint: 11292 ns, Total: 576500 ns
[2024-04-28T14:57:36.204+0000][65][info ][gc,start    ] GC(11) Pause Young (Normal) (G1 Evacuation Pause)
[2024-04-28T14:57:36.204+0000][65][info ][gc,task     ] GC(11) Using 8 workers of 8 for evacuation
[2024-04-28T14:57:36.204+0000][65][debug][gc,age      ] GC(11) Desired survivor size 20971520 bytes, new threshold 15 (max threshold 15)
[2024-04-28T14:57:36.214+0000][65][info ][gc,phases   ] GC(11)   Pre Evacuate Collection Set: 0.1ms
[2024-04-28T14:57:36.214+0000][65][info ][gc,phases   ] GC(11)   Merge Heap Roots: 0.0ms
[2024-04-28T14:57:36.214+0000][65][info ][gc,phases   ] GC(11)   Evacuate Collection Set: 8.8ms
[2024-04-28T14:57:36.214+0000][65][info ][gc,phases   ] GC(11)   Post Evacuate Collection Set: 0.8ms
[2024-04-28T14:57:36.214+0000][65][info ][gc,phases   ] GC(11)   Other: 0.3ms
[2024-04-28T14:57:36.214+0000][65][trace][gc,age      ] GC(11) Age table with threshold 15 (max threshold 15)
[2024-04-28T14:57:36.215+0000][65][trace][gc,age      ] GC(11) - age   1:   18363160 bytes,   18363160 total
[2024-04-28T14:57:36.215+0000][65][trace][gc,age      ] GC(11) - age   2:     676072 bytes,   19039232 total
[2024-04-28T14:57:36.215+0000][65][trace][gc,age      ] GC(11) - age   3:    3232936 bytes,   22272168 total
[2024-04-28T14:57:36.215+0000][65][trace][gc,age      ] GC(11) - age   4:    4593496 bytes,   26865664 total
[2024-04-28T14:57:36.215+0000][65][trace][gc,age      ] GC(11) - age   5:    4028864 bytes,   30894528 total
[2024-04-28T14:57:36.215+0000][65][trace][gc,age      ] GC(11) - age   6:    7168976 bytes,   38063504 total
[2024-04-28T14:57:36.215+0000][65][trace][gc,age      ] GC(11) - age   7:     970336 bytes,   39033840 total
[2024-04-28T14:57:36.215+0000][65][info ][gc,heap     ] GC(11) Eden regions: 70->0(66)
[2024-04-28T14:57:36.215+0000][65][info ][gc,heap     ] GC(11) Survivor regions: 6->10(10)
[2024-04-28T14:57:36.215+0000][65][info ][gc,heap     ] GC(11) Old regions: 3->3
[2024-04-28T14:57:36.215+0000][65][info ][gc,heap     ] GC(11) Archive regions: 2->2
[2024-04-28T14:57:36.216+0000][65][info ][gc,heap     ] GC(11) Humongous regions: 0->0
[2024-04-28T14:57:36.216+0000][65][info ][gc,metaspace] GC(11) Metaspace: 43988K(45312K)->43988K(45312K) NonClass: 38668K(39424K)->38668K(39424K) Class: 5320K(5888K)->5320K(5888K)
[2024-04-28T14:57:36.216+0000][65][info ][gc          ] GC(11) Pause Young (Normal) (G1 Evacuation Pause) 315M->54M(512M) 12.018ms
[2024-04-28T14:57:36.216+0000][65][info ][gc,cpu      ] GC(11) User=0.07s Sys=0.00s Real=0.01s
[2024-04-28T14:57:36.216+0000][65][info ][safepoint   ] Safepoint "G1CollectForAllocation", Time since last: 272640625 ns, Reaching safepoint: 3042 ns, Cleanup: 94458 ns, At safepoint: 12237875 ns, Total: 12335375 ns
[2024-04-28T14:57:36.343+0000][65][info ][safepoint   ] Safepoint "ICBufferFull", Time since last: 126849792 ns, Reaching safepoint: 2542 ns, Cleanup: 117833 ns, At safepoint: 9917 ns, Total: 130292 ns
[2024-04-28T14:57:36.464+0000][65][info ][safepoint   ] Safepoint "ICBufferFull", Time since last: 121243833 ns, Reaching safepoint: 2792 ns, Cleanup: 142958 ns, At safepoint: 2375 ns, Total: 148125 ns
[2024-04-28T14:57:36.671+0000][65][info ][safepoint   ] Safepoint "ICBufferFull", Time since last: 206970667 ns, Reaching safepoint: 2708 ns, Cleanup: 104542 ns, At safepoint: 5583 ns, Total: 112833 ns
[2024-04-28T14:57:36.797+0000][65][info ][gc,start    ] GC(12) Pause Young (Concurrent Start) (Metadata GC Threshold)
[2024-04-28T14:57:36.797+0000][65][info ][gc,task     ] GC(12) Using 8 workers of 8 for evacuation
[2024-04-28T14:57:36.797+0000][65][debug][gc,age      ] GC(12) Desired survivor size 20971520 bytes, new threshold 3 (max threshold 15)
[2024-04-28T14:57:36.811+0000][65][info ][gc,phases   ] GC(12)   Pre Evacuate Collection Set: 0.1ms
[2024-04-28T14:57:36.811+0000][65][info ][gc,phases   ] GC(12)   Merge Heap Roots: 0.1ms
[2024-04-28T14:57:36.811+0000][65][info ][gc,phases   ] GC(12)   Evacuate Collection Set: 12.5ms
[2024-04-28T14:57:36.812+0000][65][info ][gc,phases   ] GC(12)   Post Evacuate Collection Set: 1.1ms
[2024-04-28T14:57:36.812+0000][65][info ][gc,phases   ] GC(12)   Other: 0.4ms
[2024-04-28T14:57:36.812+0000][65][trace][gc,age      ] GC(12) Age table with threshold 3 (max threshold 15)
[2024-04-28T14:57:36.812+0000][65][trace][gc,age      ] GC(12) - age   1:    7478688 bytes,    7478688 total
[2024-04-28T14:57:36.812+0000][65][trace][gc,age      ] GC(12) - age   2:   17931104 bytes,   25409792 total
[2024-04-28T14:57:36.812+0000][65][trace][gc,age      ] GC(12) - age   3:     659584 bytes,   26069376 total
[2024-04-28T14:57:36.812+0000][65][info ][gc,heap     ] GC(12) Eden regions: 46->0(68)
[2024-04-28T14:57:36.812+0000][65][info ][gc,heap     ] GC(12) Survivor regions: 10->8(10)
[2024-04-28T14:57:36.812+0000][65][info ][gc,heap     ] GC(12) Old regions: 3->8
[2024-04-28T14:57:36.812+0000][65][info ][gc,heap     ] GC(12) Archive regions: 2->2
[2024-04-28T14:57:36.812+0000][65][info ][gc,heap     ] GC(12) Humongous regions: 0->0
[2024-04-28T14:57:36.812+0000][65][info ][gc,metaspace] GC(12) Metaspace: 59323K(60736K)->59323K(60736K) NonClass: 51764K(52608K)->51764K(52608K) Class: 7558K(8128K)->7558K(8128K)
[2024-04-28T14:57:36.813+0000][65][info ][gc          ] GC(12) Pause Young (Concurrent Start) (Metadata GC Threshold) 236M->62M(512M) 15.947ms
[2024-04-28T14:57:36.813+0000][65][info ][gc,cpu      ] GC(12) User=0.09s Sys=0.00s Real=0.02s
[2024-04-28T14:57:36.813+0000][65][info ][gc          ] GC(13) Concurrent Mark Cycle
[2024-04-28T14:57:36.817+0000][65][info ][gc,marking  ] GC(13) Concurrent Scan Root Regions
[2024-04-28T14:57:36.813+0000][65][info ][safepoint   ] Safepoint "CollectForMetadataAllocation", Time since last: 125115000 ns, Reaching safepoint: 3000 ns, Cleanup: 108542 ns, At safepoint: 16212875 ns, Total: 16324417 ns
[2024-04-28T14:57:36.830+0000][65][info ][gc,marking  ] GC(13) Concurrent Scan Root Regions 13.235ms
[2024-04-28T14:57:36.830+0000][65][info ][gc,marking  ] GC(13) Concurrent Mark
[2024-04-28T14:57:36.831+0000][65][info ][gc,marking  ] GC(13) Concurrent Mark From Roots
[2024-04-28T14:57:36.831+0000][65][info ][gc,task     ] GC(13) Using 2 workers of 2 for marking
[2024-04-28T14:57:36.831+0000][65][info ][safepoint   ] Safepoint "CollectForMetadataAllocation", Time since last: 18187083 ns, Reaching safepoint: 2834 ns, Cleanup: 45208 ns, At safepoint: 84250 ns, Total: 132292 ns
[2024-04-28T14:57:36.838+0000][65][info ][gc,marking  ] GC(13) Concurrent Mark From Roots 7.082ms
[2024-04-28T14:57:36.839+0000][65][info ][gc,marking  ] GC(13) Concurrent Preclean
[2024-04-28T14:57:36.839+0000][65][info ][gc,marking  ] GC(13) Concurrent Preclean 0.171ms
[2024-04-28T14:57:36.840+0000][65][info ][gc,start    ] GC(13) Pause Remark
[2024-04-28T14:57:36.845+0000][65][info ][gc          ] GC(13) Pause Remark 66M->66M(512M) 4.816ms
[2024-04-28T14:57:36.845+0000][65][info ][gc,cpu      ] GC(13) User=0.02s Sys=0.00s Real=0.00s
[2024-04-28T14:57:36.845+0000][65][info ][safepoint   ] Safepoint "G1PauseRemark", Time since last: 8444583 ns, Reaching safepoint: 263042 ns, Cleanup: 29500 ns, At safepoint: 5170208 ns, Total: 5462750 ns
[2024-04-28T14:57:36.846+0000][65][info ][gc,marking  ] GC(13) Concurrent Mark 15.631ms
[2024-04-28T14:57:36.846+0000][65][info ][gc,marking  ] GC(13) Concurrent Rebuild Remembered Sets and Scrub Regions
[2024-04-28T14:57:36.852+0000][65][info ][gc,marking  ] GC(13) Concurrent Rebuild Remembered Sets and Scrub Regions 5.399ms
[2024-04-28T14:57:36.855+0000][65][info ][gc,start    ] GC(13) Pause Cleanup
[2024-04-28T14:57:36.855+0000][65][info ][gc          ] GC(13) Pause Cleanup 68M->68M(512M) 0.333ms
[2024-04-28T14:57:36.856+0000][65][info ][gc,cpu      ] GC(13) User=0.00s Sys=0.00s Real=0.00s
[2024-04-28T14:57:36.856+0000][65][info ][safepoint   ] Safepoint "G1PauseCleanup", Time since last: 8907542 ns, Reaching safepoint: 1049583 ns, Cleanup: 98667 ns, At safepoint: 621917 ns, Total: 1770167 ns
[2024-04-28T14:57:36.856+0000][65][info ][gc,marking  ] GC(13) Concurrent Clear Claimed Marks
[2024-04-28T14:57:36.857+0000][65][info ][gc,marking  ] GC(13) Concurrent Clear Claimed Marks 0.443ms
[2024-04-28T14:57:36.857+0000][65][info ][gc,marking  ] GC(13) Concurrent Cleanup for Next Mark
[2024-04-28T14:57:36.857+0000][65][info ][gc,marking  ] GC(13) Concurrent Cleanup for Next Mark 0.335ms
[2024-04-28T14:57:36.857+0000][65][info ][gc          ] GC(13) Concurrent Mark Cycle 44.647ms
[2024-04-28T14:57:37.064+0000][65][info ][safepoint   ] Safepoint "ICBufferFull", Time since last: 207828291 ns, Reaching safepoint: 6084 ns, Cleanup: 190000 ns, At safepoint: 8375 ns, Total: 204459 ns
[2024-04-28T14:57:37.589+0000][65][info ][gc,start    ] GC(14) Pause Young (Normal) (G1 Evacuation Pause)
[2024-04-28T14:57:37.589+0000][65][info ][gc,task     ] GC(14) Using 8 workers of 8 for evacuation
[2024-04-28T14:57:37.589+0000][65][debug][gc,age      ] GC(14) Desired survivor size 20971520 bytes, new threshold 2 (max threshold 15)
[2024-04-28T14:57:37.601+0000][65][info ][gc,phases   ] GC(14)   Pre Evacuate Collection Set: 0.1ms
[2024-04-28T14:57:37.602+0000][65][info ][gc,phases   ] GC(14)   Merge Heap Roots: 0.1ms
[2024-04-28T14:57:37.602+0000][65][info ][gc,phases   ] GC(14)   Evacuate Collection Set: 10.8ms
[2024-04-28T14:57:37.602+0000][65][info ][gc,phases   ] GC(14)   Post Evacuate Collection Set: 1.1ms
[2024-04-28T14:57:37.602+0000][65][info ][gc,phases   ] GC(14)   Other: 0.2ms
[2024-04-28T14:57:37.602+0000][65][trace][gc,age      ] GC(14) Age table with threshold 2 (max threshold 15)
[2024-04-28T14:57:37.602+0000][65][trace][gc,age      ] GC(14) - age   1:    3978952 bytes,    3978952 total
[2024-04-28T14:57:37.602+0000][65][trace][gc,age      ] GC(14) - age   2:    7232128 bytes,   11211080 total
[2024-04-28T14:57:37.602+0000][65][info ][gc,heap     ] GC(14) Eden regions: 68->0(72)
[2024-04-28T14:57:37.602+0000][65][info ][gc,heap     ] GC(14) Survivor regions: 8->4(10)
[2024-04-28T14:57:37.603+0000][65][info ][gc,heap     ] GC(14) Old regions: 8->13
[2024-04-28T14:57:37.603+0000][65][info ][gc,heap     ] GC(14) Archive regions: 2->2
[2024-04-28T14:57:37.603+0000][65][info ][gc,heap     ] GC(14) Humongous regions: 0->0
[2024-04-28T14:57:37.603+0000][65][info ][gc,metaspace] GC(14) Metaspace: 68090K(69632K)->68090K(69632K) NonClass: 59238K(60096K)->59238K(60096K) Class: 8852K(9536K)->8852K(9536K)
[2024-04-28T14:57:37.603+0000][65][info ][gc          ] GC(14) Pause Young (Normal) (G1 Evacuation Pause) 334M->68M(512M) 13.905ms
[2024-04-28T14:57:37.603+0000][65][info ][gc,cpu      ] GC(14) User=0.08s Sys=0.00s Real=0.01s
[2024-04-28T14:57:37.603+0000][65][info ][safepoint   ] Safepoint "G1CollectForAllocation", Time since last: 525078542 ns, Reaching safepoint: 6166 ns, Cleanup: 128667 ns, At safepoint: 14125042 ns, Total: 14259875 ns
[2024-04-28T14:57:37.905+0000][65][info ][safepoint   ] Safepoint "ICBufferFull", Time since last: 301997541 ns, Reaching safepoint: 2750 ns, Cleanup: 148792 ns, At safepoint: 5875 ns, Total: 157417 ns
[2024-04-28T14:57:38.214+0000][65][info ][safepoint   ] Safepoint "ICBufferFull", Time since last: 308761709 ns, Reaching safepoint: 2916 ns, Cleanup: 130542 ns, At safepoint: 2125 ns, Total: 135583 ns
[2024-04-28T14:57:38.332+0000][65][info ][safepoint   ] Safepoint "ICBufferFull", Time since last: 118211208 ns, Reaching safepoint: 2750 ns, Cleanup: 102292 ns, At safepoint: 9292 ns, Total: 114334 ns
[2024-04-28T14:57:38.480+0000][65][info ][gc,start    ] GC(15) Pause Young (Concurrent Start) (Metadata GC Threshold)
[2024-04-28T14:57:38.480+0000][65][info ][gc,task     ] GC(15) Using 8 workers of 8 for evacuation
[2024-04-28T14:57:38.480+0000][65][debug][gc,age      ] GC(15) Desired survivor size 20971520 bytes, new threshold 15 (max threshold 15)
[2024-04-28T14:57:38.490+0000][65][info ][gc,phases   ] GC(15)   Pre Evacuate Collection Set: 0.1ms
[2024-04-28T14:57:38.490+0000][65][info ][gc,phases   ] GC(15)   Merge Heap Roots: 0.1ms
[2024-04-28T14:57:38.490+0000][65][info ][gc,phases   ] GC(15)   Evacuate Collection Set: 8.0ms
[2024-04-28T14:57:38.490+0000][65][info ][gc,phases   ] GC(15)   Post Evacuate Collection Set: 0.9ms
[2024-04-28T14:57:38.490+0000][65][info ][gc,phases   ] GC(15)   Other: 0.2ms
[2024-04-28T14:57:38.490+0000][65][trace][gc,age      ] GC(15) Age table with threshold 15 (max threshold 15)
[2024-04-28T14:57:38.490+0000][65][trace][gc,age      ] GC(15) - age   1:   12837240 bytes,   12837240 total
[2024-04-28T14:57:38.490+0000][65][trace][gc,age      ] GC(15) - age   2:    3731688 bytes,   16568928 total
[2024-04-28T14:57:38.490+0000][65][trace][gc,age      ] GC(15) - age   3:    7128520 bytes,   23697448 total
[2024-04-28T14:57:38.491+0000][65][info ][gc,heap     ] GC(15) Eden regions: 47->0(70)
[2024-04-28T14:57:38.491+0000][65][info ][gc,heap     ] GC(15) Survivor regions: 4->6(10)
[2024-04-28T14:57:38.491+0000][65][info ][gc,heap     ] GC(15) Old regions: 13->13
[2024-04-28T14:57:38.491+0000][65][info ][gc,heap     ] GC(15) Archive regions: 2->2
[2024-04-28T14:57:38.491+0000][65][info ][gc,heap     ] GC(15) Humongous regions: 0->0
[2024-04-28T14:57:38.491+0000][65][info ][gc,metaspace] GC(15) Metaspace: 99167K(102080K)->99167K(102080K) NonClass: 85751K(87296K)->85751K(87296K) Class: 13415K(14784K)->13415K(14784K)
[2024-04-28T14:57:38.491+0000][65][info ][gc          ] GC(15) Pause Young (Concurrent Start) (Metadata GC Threshold) 254M->77M(512M) 11.012ms
[2024-04-28T14:57:38.491+0000][65][info ][gc,cpu      ] GC(15) User=0.05s Sys=0.00s Real=0.01s
[2024-04-28T14:57:38.491+0000][65][info ][gc          ] GC(16) Concurrent Mark Cycle
[2024-04-28T14:57:38.492+0000][65][info ][gc,marking  ] GC(16) Concurrent Scan Root Regions
[2024-04-28T14:57:38.491+0000][65][info ][safepoint   ] Safepoint "CollectForMetadataAllocation", Time since last: 146667458 ns, Reaching safepoint: 818167 ns, Cleanup: 96875 ns, At safepoint: 11322000 ns, Total: 12237042 ns
[2024-04-28T14:57:38.500+0000][65][info ][gc,marking  ] GC(16) Concurrent Scan Root Regions 8.875ms
[2024-04-28T14:57:38.501+0000][65][info ][gc,marking  ] GC(16) Concurrent Mark
[2024-04-28T14:57:38.501+0000][65][info ][gc,marking  ] GC(16) Concurrent Mark From Roots
[2024-04-28T14:57:38.501+0000][65][info ][gc,task     ] GC(16) Using 2 workers of 2 for marking
[2024-04-28T14:57:38.507+0000][65][info ][safepoint   ] Safepoint "CollectForMetadataAllocation", Time since last: 14996708 ns, Reaching safepoint: 41583 ns, Cleanup: 46334 ns, At safepoint: 106333 ns, Total: 194250 ns
[2024-04-28T14:57:38.524+0000][65][info ][safepoint   ] Safepoint "CollectForMetadataAllocation", Time since last: 16977417 ns, Reaching safepoint: 23333 ns, Cleanup: 63250 ns, At safepoint: 79000 ns, Total: 165583 ns
[2024-04-28T14:57:38.525+0000][65][info ][gc,marking  ] GC(16) Concurrent Mark From Roots 24.279ms
[2024-04-28T14:57:38.525+0000][65][info ][gc,marking  ] GC(16) Concurrent Preclean
[2024-04-28T14:57:38.526+0000][65][info ][gc,marking  ] GC(16) Concurrent Preclean 0.447ms
[2024-04-28T14:57:38.527+0000][65][info ][gc,start    ] GC(16) Pause Remark
[2024-04-28T14:57:38.530+0000][65][info ][gc          ] GC(16) Pause Remark 85M->85M(512M) 3.440ms
[2024-04-28T14:57:38.530+0000][65][info ][gc,cpu      ] GC(16) User=0.01s Sys=0.00s Real=0.01s
[2024-04-28T14:57:38.531+0000][65][info ][safepoint   ] Safepoint "G1PauseRemark", Time since last: 2268625 ns, Reaching safepoint: 843792 ns, Cleanup: 35750 ns, At safepoint: 3744666 ns, Total: 4624208 ns
[2024-04-28T14:57:38.531+0000][65][info ][gc,marking  ] GC(16) Concurrent Mark 30.193ms
[2024-04-28T14:57:38.531+0000][65][info ][gc,marking  ] GC(16) Concurrent Rebuild Remembered Sets and Scrub Regions
[2024-04-28T14:57:38.542+0000][65][info ][gc,marking  ] GC(16) Concurrent Rebuild Remembered Sets and Scrub Regions 10.736ms
[2024-04-28T14:57:38.543+0000][65][info ][gc,start    ] GC(16) Pause Cleanup
[2024-04-28T14:57:38.543+0000][65][info ][gc          ] GC(16) Pause Cleanup 87M->87M(512M) 0.331ms
[2024-04-28T14:57:38.543+0000][65][info ][gc,cpu      ] GC(16) User=0.00s Sys=0.00s Real=0.00s
[2024-04-28T14:57:38.544+0000][65][info ][safepoint   ] Safepoint "G1PauseCleanup", Time since last: 11449042 ns, Reaching safepoint: 941500 ns, Cleanup: 45333 ns, At safepoint: 542584 ns, Total: 1529417 ns
[2024-04-28T14:57:38.544+0000][65][info ][gc,marking  ] GC(16) Concurrent Clear Claimed Marks
[2024-04-28T14:57:38.544+0000][65][info ][gc,marking  ] GC(16) Concurrent Clear Claimed Marks 0.469ms
[2024-04-28T14:57:38.545+0000][65][info ][gc,marking  ] GC(16) Concurrent Cleanup for Next Mark
[2024-04-28T14:57:38.545+0000][65][info ][gc,marking  ] GC(16) Concurrent Cleanup for Next Mark 0.373ms
[2024-04-28T14:57:38.545+0000][65][info ][gc          ] GC(16) Concurrent Mark Cycle 53.849ms
[2024-04-28T14:57:38.746+0000][65][info ][safepoint   ] Safepoint "ICBufferFull", Time since last: 201501875 ns, Reaching safepoint: 823500 ns, Cleanup: 133000 ns, At safepoint: 5000 ns, Total: 961500 ns
[2024-04-28T14:57:39.002+0000][65][info ][safepoint   ] Safepoint "ICBufferFull", Time since last: 255383792 ns, Reaching safepoint: 474708 ns, Cleanup: 168375 ns, At safepoint: 10167 ns, Total: 653250 ns
[2024-04-28T14:57:39.068+0000][65][info ][safepoint   ] Safepoint "ICBufferFull", Time since last: 65932166 ns, Reaching safepoint: 6500 ns, Cleanup: 181209 ns, At safepoint: 6625 ns, Total: 194334 ns
[2024-04-28T14:57:39.100+0000][65][info ][safepoint   ] Safepoint "ICBufferFull", Time since last: 31514166 ns, Reaching safepoint: 5959 ns, Cleanup: 134500 ns, At safepoint: 9041 ns, Total: 149500 ns
[2024-04-28T14:57:39.118+0000][65][info ][safepoint   ] Safepoint "ICBufferFull", Time since last: 18328959 ns, Reaching safepoint: 9125 ns, Cleanup: 96625 ns, At safepoint: 5750 ns, Total: 111500 ns
[2024-04-28T14:57:39.132+0000][65][info ][safepoint   ] Safepoint "ICBufferFull", Time since last: 13986666 ns, Reaching safepoint: 20875 ns, Cleanup: 109959 ns, At safepoint: 14625 ns, Total: 145459 ns
[2024-04-28T14:57:39.168+0000][65][info ][safepoint   ] Safepoint "ICBufferFull", Time since last: 35394541 ns, Reaching safepoint: 24125 ns, Cleanup: 131125 ns, At safepoint: 12667 ns, Total: 167917 ns
[2024-04-28T14:57:39.292+0000][65][info ][safepoint   ] Safepoint "ICBufferFull", Time since last: 123902042 ns, Reaching safepoint: 4875 ns, Cleanup: 108125 ns, At safepoint: 5958 ns, Total: 118958 ns
[2024-04-28T14:57:39.422+0000][65][info ][safepoint   ] Safepoint "ICBufferFull", Time since last: 129378833 ns, Reaching safepoint: 5625 ns, Cleanup: 103500 ns, At safepoint: 6875 ns, Total: 116000 ns
[2024-04-28T14:57:39.573+0000][65][info ][safepoint   ] Safepoint "ICBufferFull", Time since last: 151348709 ns, Reaching safepoint: 11667 ns, Cleanup: 161875 ns, At safepoint: 12458 ns, Total: 186000 ns
[2024-04-28T14:57:39.740+0000][65][info ][safepoint   ] Safepoint "ICBufferFull", Time since last: 165884750 ns, Reaching safepoint: 1058875 ns, Cleanup: 104208 ns, At safepoint: 5375 ns, Total: 1168458 ns
[2024-04-28T14:57:40.744+0000][65][info ][safepoint   ] Safepoint "Cleanup", Time since last: 1003571876 ns, Reaching safepoint: 32041 ns, Cleanup: 181917 ns, At safepoint: 7958 ns, Total: 221916 ns
[2024-04-28T14:57:41.745+0000][65][info ][safepoint   ] Safepoint "Cleanup", Time since last: 1001026293 ns, Reaching safepoint: 23833 ns, Cleanup: 197458 ns, At safepoint: 9250 ns, Total: 230541 ns
[2024-04-28T14:57:42.746+0000][65][info ][safepoint   ] Safepoint "Cleanup", Time since last: 1001160209 ns, Reaching safepoint: 51167 ns, Cleanup: 88916 ns, At safepoint: 6625 ns, Total: 146708 ns
[2024-04-28T14:57:43.751+0000][65][info ][safepoint   ] Safepoint "Cleanup", Time since last: 1004388459 ns, Reaching safepoint: 42084 ns, Cleanup: 156916 ns, At safepoint: 12625 ns, Total: 211625 ns
[2024-04-28T14:57:44.753+0000][65][info ][safepoint   ] Safepoint "Cleanup", Time since last: 1001901584 ns, Reaching safepoint: 28542 ns, Cleanup: 127708 ns, At safepoint: 5792 ns, Total: 162042 ns
[2024-04-28T14:57:52.770+0000][65][info ][safepoint   ] Safepoint "Cleanup", Time since last: 8015239128 ns, Reaching safepoint: 156417 ns, Cleanup: 244500 ns, At safepoint: 7000 ns, Total: 407917 ns
[2024-04-28T14:57:53.772+0000][65][info ][safepoint   ] Safepoint "Cleanup", Time since last: 1002427042 ns, Reaching safepoint: 30833 ns, Cleanup: 206250 ns, At safepoint: 12208 ns, Total: 249291 ns
[2024-04-28T14:57:58.780+0000][65][info ][safepoint   ] Safepoint "Cleanup", Time since last: 5007889086 ns, Reaching safepoint: 129458 ns, Cleanup: 133500 ns, At safepoint: 12709 ns, Total: 275667 ns
[2024-04-28T14:58:09.802+0000][65][info ][safepoint   ] Safepoint "Cleanup", Time since last: 11021353672 ns, Reaching safepoint: 65541 ns, Cleanup: 184459 ns, At safepoint: 11791 ns, Total: 261791 ns
[2024-04-28T14:58:13.809+0000][65][info ][safepoint   ] Safepoint "Cleanup", Time since last: 4006393877 ns, Reaching safepoint: 76209 ns, Cleanup: 145916 ns, At safepoint: 29750 ns, Total: 251875 ns
[2024-04-28T14:58:18.812+0000][65][info ][safepoint   ] Safepoint "Cleanup", Time since last: 5013878294 ns, Reaching safepoint: 324958 ns, Cleanup: 368584 ns, At safepoint: 18791 ns, Total: 712333 ns
[2024-04-28T14:58:20.821+0000][65][info ][safepoint   ] Safepoint "Cleanup", Time since last: 2009101418 ns, Reaching safepoint: 31833 ns, Cleanup: 201375 ns, At safepoint: 11334 ns, Total: 244542 ns
[2024-04-28T14:58:21.823+0000][65][info ][safepoint   ] Safepoint "Cleanup", Time since last: 1001338167 ns, Reaching safepoint: 59708 ns, Cleanup: 207583 ns, At safepoint: 16542 ns, Total: 283833 ns
[2024-04-28T14:58:23.825+0000][65][info ][safepoint   ] Safepoint "Cleanup", Time since last: 2001574876 ns, Reaching safepoint: 43583 ns, Cleanup: 242167 ns, At safepoint: 13667 ns, Total: 299417 ns
[2024-04-28T14:58:25.832+0000][65][info ][safepoint   ] Safepoint "Cleanup", Time since last: 2007213251 ns, Reaching safepoint: 46833 ns, Cleanup: 134833 ns, At safepoint: 8417 ns, Total: 190083 ns
[2024-04-28T14:58:26.835+0000][65][info ][safepoint   ] Safepoint "Cleanup", Time since last: 1002174250 ns, Reaching safepoint: 42084 ns, Cleanup: 142458 ns, At safepoint: 9750 ns, Total: 194292 ns
[2024-04-28T14:58:39.856+0000][65][info ][safepoint   ] Safepoint "Cleanup", Time since last: 13021563673 ns, Reaching safepoint: 48042 ns, Cleanup: 236333 ns, At safepoint: 10083 ns, Total: 294458 ns
[2024-04-28T14:58:44.874+0000][65][info ][safepoint   ] Safepoint "Cleanup", Time since last: 5017249711 ns, Reaching safepoint: 11292 ns, Cleanup: 60416 ns, At safepoint: 2709 ns, Total: 74417 ns
[2024-04-28T14:58:45.866+0000][65][info ][safepoint   ] Safepoint "Cleanup", Time since last: 1005006542 ns, Reaching safepoint: 48291 ns, Cleanup: 243292 ns, At safepoint: 14875 ns, Total: 306458 ns
[2024-04-28T14:59:08.911+0000][65][info ][safepoint   ] Safepoint "Cleanup", Time since last: 23043756136 ns, Reaching safepoint: 949000 ns, Cleanup: 354500 ns, At safepoint: 11542 ns, Total: 1315042 ns
[2024-04-28T14:59:09.915+0000][65][info ][safepoint   ] Safepoint "Cleanup", Time since last: 1004039500 ns, Reaching safepoint: 7750 ns, Cleanup: 69542 ns, At safepoint: 8041 ns, Total: 85333 ns
[2024-04-28T14:59:28.966+0000][65][info ][safepoint   ] Safepoint "Cleanup", Time since last: 19052143758 ns, Reaching safepoint: 98250 ns, Cleanup: 123709 ns, At safepoint: 5666 ns, Total: 227625 ns
[2024-04-28T14:59:33.975+0000][65][info ][safepoint   ] Safepoint "Cleanup", Time since last: 5009047045 ns, Reaching safepoint: 2625 ns, Cleanup: 98625 ns, At safepoint: 2333 ns, Total: 103583 ns
[2024-04-28T14:59:35.978+0000][65][info ][safepoint   ] Safepoint "Cleanup", Time since last: 2001637793 ns, Reaching safepoint: 1115083 ns, Cleanup: 132292 ns, At safepoint: 22291 ns, Total: 1269666 ns
[2024-04-28T14:59:35.981+0000][65][info ][gc,heap,exit] Heap
[2024-04-28T14:59:35.982+0000][65][info ][gc,heap,exit]  garbage-first heap   total 524288K, used 272073K [0x00000000e0000000, 0x0000000100000000)
[2024-04-28T14:59:35.982+0000][65][info ][gc,heap,exit]   region size 4096K, 54 young (221184K), 6 survivors (24576K)
[2024-04-28T14:59:35.982+0000][65][info ][gc,heap,exit]  Metaspace       used 113966K, committed 117312K, reserved 1179648K
[2024-04-28T14:59:35.983+0000][65][info ][gc,heap,exit]   class space    used 15641K, committed 17216K, reserved 1048576K
